// Jest Snapshot v1, https://goo.gl/fbAQLP

exports[`LabelContainer renders a label 1`] = `""`;
