// Jest Snapshot v1, https://goo.gl/fbAQLP

exports[`CompletedTodoList We show a todo todo in CompletedTodo 1`] = `""`;
