// Jest Snapshot v1, https://goo.gl/fbAQLP

exports[`NewRodoList We show a todo  in NewTodoList 1`] = `""`;
